// Jest Snapshot v1, https://goo.gl/fbAQLP

exports[`Experience Tabs Component tests should match snapshot with initial selection 1`] = `
<div>
  <div
    class="experience__tabs"
  >
    <div
      class="experience__tabs__container"
    >
      <div
        class="experience__tab experience__tab--selected"
        id="test1"
      >
        <span>
          Tab 1
        </span>
      </div>
      <div
        class="experience__tab "
        id="test2"
      >
        <span>
          Tab 2
        </span>
      </div>
      <div
        class="experience__tab "
        id="test3"
      >
        <span>
          Tab 3
        </span>
      </div>
    </div>
  </div>
</div>
`;

exports[`Experience Tabs Component tests should update content on click 1`] = `
<div>
  <div
    class="experience__tabs"
  >
    <div
      class="experience__tabs__container"
    >
      <div
        class="experience__tab "
        id="test1"
      >
        <span>
          Tab 1
        </span>
      </div>
      <div
        class="experience__tab "
        id="test2"
      >
        <span>
          Tab 2
        </span>
      </div>
      <div
        class="experience__tab experience__tab--selected"
        id="test3"
      >
        <span>
          Tab 3
        </span>
      </div>
    </div>
  </div>
</div>
`;
